// Jest Snapshot v1, https://goo.gl/fbAQLP

exports[`<AddSettingsForm /> should be rendered 1`] = `
<div>
  <div
    class="card p-4 col-sm-12 col-lg-12 p-0 mb-4"
  >
    <h2>
      Add Settings
    </h2>
    <p>
      Please select a file with OpenVPN client settings you wish to add. The new settings will be enabled after the file is uploaded. Note that the network will be restarted automatically.
    </p>
    <form
      class="col px-0"
    >
      <div
        class="mb-3"
      >
        <label
          class="form-label custom-file-label"
          for="1"
        >
          Choose settings file...
        </label>
        <div
          class="input-group custom-file"
        >
          <input
            accept=".conf,.ovpn"
            class="form-control custom-file-input"
            files=""
            id="1"
            type="file"
          />
        </div>
      </div>
      <div
        class="col-sm-12 col-lg-12 p-0 mb-3 text-right"
      >
        <button
          class="btn btn-primary col-12 col-md-3 col-lg-2 d-inline-flex justify-content-center align-items-center"
          disabled=""
          type="submit"
        >
          <span>
            Add
          </span>
        </button>
      </div>
    </form>
  </div>
</div>
`;
