// Jest Snapshot v1, https://goo.gl/fbAQLP

exports[`<AddClientForm /> should be rendered 1`] = `
<div>
  <h2>
    Add New Client
  </h2>
  <form>
    <div
      class="mb-3"
    >
      <label
        class="form-label"
        for="1"
      >
        Client name
      </label>
      <div
        class="input-group"
      >
        <input
          class="form-control is-invalid"
          id="1"
          type="text"
          value=""
        />
      </div>
      <div
        class="invalid-feedback"
      >
        Name cannot be empty.
      </div>
      <div
        class="form-text"
      >
        <small>
          Shorter than 64 characters. Only alphanumeric characters, dots, dashes and underscores.
        </small>
      </div>
    </div>
    <div
      class="text-end"
    >
      <button
        class="btn btn-primary col-12 col-md-3 col-lg-2 d-inline-flex justify-content-center align-items-center"
        disabled=""
        type="submit"
      >
        <span>
          Add
        </span>
      </button>
    </div>
  </form>
</div>
`;
