// Jest Snapshot v1, https://goo.gl/fbAQLP

exports[`<AuthorityReady /> should match snapshot 1`] = `
<div>
  <h3>
    Certificate authority
  </h3>
  <p>
    Your certificate authority (CA) is set up properly.
  </p>
  <button
    class="btn btn-primary "
    type="button"
  >
     
     
    Delete CA
  </button>
</div>
`;
