// Jest Snapshot v1, https://goo.gl/fbAQLP

exports[`<OpenVPN /> should render child and alert 1`] = `
<div>
  <h1>
    OpenVPN
  </h1>
  <div
    class="alert alert-dismissible alert-danger"
  >
    <button
      class="close"
      type="button"
    >
      ×
    </button>
    Cannot delete certificate authority
  </div>
  <h3>
    Certificate authority
  </h3>
  <p>
    Your certificate authority (CA) is set up properly.
  </p>
  <button
    class="btn btn-primary "
    type="button"
  >
     
     
    Delete CA
  </button>
</div>
`;
