// Jest Snapshot v1, https://goo.gl/fbAQLP

exports[`<AuthorityBeingGenerated /> should match snapshot 1`] = `
<div>
  <div
    class="card p-4"
  >
    <h2>
      Certificate Authority
    </h2>
    <p>
      Your certification authority is now being generated. It usually takes a few minutes. Settings will appear here automatically once the authority is ready.
    </p>
    <div
      class="text-center text-muted"
    >
      <div
        class="spinner-border spinner-border-sm me-1"
        role="status"
      >
        <span
          class="sr-only"
        />
      </div>
      Generating certification authority…
    </div>
  </div>
</div>
`;
