// Jest Snapshot v1, https://goo.gl/fbAQLP

exports[`<AuthorityMissing /> should match snapshot 1`] = `
<div>
  <div
    class="card p-4"
  >
    <h2>
      Certificate Authority
    </h2>
    <p>
      Currently there is no OpenVPN certificate authority (CA). A CA is required to generate client certificates to authenticate to the OpenVPN server. To proceed you need to generate it first.
    </p>
    <p
      class="text-center text-muted"
    >
      No certification authority.
    </p>
    <div
      class="text-right"
    >
      <button
        class="btn btn-primary col-12 col-md-3 col-lg-2 d-inline-flex justify-content-center align-items-center"
        type="button"
      >
        <span>
          Generate CA
        </span>
      </button>
    </div>
  </div>
</div>
`;
