// Jest Snapshot v1, https://goo.gl/fbAQLP

exports[`<ServerSettings /> should display spinner 1`] = `
<div>
  <h1>
    Server Settings
  </h1>
  <div
    class="spinner-wrapper my-3 text-center"
  >
    <div
      class="spinner-border "
      role="status"
    >
      <span
        class="sr-only"
      />
    </div>
    <div
      class="spinner-text"
    />
  </div>
</div>
`;

exports[`<ServerSettings /> should render child and alert 1`] = `
<div>
  <h1>
    Server Settings
  </h1>
  <div
    class="alert alert-dismissible alert-danger"
  >
    <button
      class="close"
      type="button"
    >
      ×
    </button>
    Cannot delete certificate authority
  </div>
  <h3
    class="mb-3"
  >
    Server settings
  </h3>
  <p>
    Please note that you need a public (preferably static) IP address and your network configured to make use of VPN server.
  </p>
  <form
    class="mb-3"
  >
    <div
      class="col-sm-12 offset-lg-1 col-lg-10"
      style="margin-bottom: 1rem;"
    >
      <div
        class="custom-control custom-checkbox"
        style="margin-bottom: 0px;"
      >
        <input
          class="custom-control-input"
          id="1"
          type="checkbox"
        />
        <label
          class="custom-control-label"
          for="1"
        >
          Server enabled
        </label>
      </div>
    </div>
    <button
      class="btn btn-primary  offset-lg-8 col-lg-3 col-sm-12"
      type="submit"
    >
       
       
      Save
    </button>
  </form>
  <p>
    <strong>
      Advanced users:
    </strong>
     if you already configured OpenVPN server manually your config will be extended (rather than  overwritten). In case of conflict you must fix previous settings by yourself.
  </p>
  <h3>
    Certificate authority
  </h3>
  <p>
    Your certificate authority (CA) is set up properly. Please note that if you delete it all clients will have their access revoked.
  </p>
  <button
    class="btn btn-primary  offset-lg-8 col-lg-3 col-sm-12"
    type="button"
  >
     
     
    Delete CA
  </button>
</div>
`;
